[
  "\nJsonValue can be all JSON types",
  "  Number: 10",
  "  String: hello",
  "  Boolean: true",
  "  Json: {\"a\":{\"b\":1}}",
  "\nJsonValueH deeply enforces _hash properties for Json dictionaries",
  "  JsonH: {\"a\":{\"b\":1,\"_hash\":\"hash1\"},\"_hash\":\"hash0\"}",
  "\nJsonArray is array of json values",
  "  Number array: 1,2,3,4,5",
  "  String array: hello,world",
  "  Boolean array: true,false",
  "  Null array: ,",
  "  Json array: [{\"a\":{\"b\":1}}]",
  "\nJsonArrayH enforces hashes in Json dictionaries",
  "  JsonH array: [{\"a\":{\"b\":1,\"_hash\":\"hash1\"},\"_hash\":\"hash0\"}]",
  "\nJson",
  "  numbers: {\"a\":1}",
  "  strings: {\"b\":\"hello\"}",
  "  booleans: {\"c\":true}",
  "  nulls: {\"d\":null}",
  "  nested: {\"e\":{\"f\":{\"g\":1}}}",
  "\nJsonH deeply enforces _hash properties for Json dictionaries",
  "  numbers: {\"a\":1,\"_hash\":\"hash1\",\"b\":{\"c\":\"hello\",\"_hash\":\"hash2\"}}"
]