[
  5,
  5.5,
  "a",
  true,
  null,
  [
    1,
    "a",
    true,
    null,
    [
      1,
      "a",
      true,
      null
    ],
    {
      "a": 1
    }
  ],
  {
    "a": 1,
    "b": {
      "c": 2
    }
  },
  3
]